[Licensing::Module] Trying to connect to existing licensing client channel...
[Licensing::IpcConnector] Successfully connected to the License Client on channel: "LicenseClient-user" at "2026-06-19T16:25:33.5716964Z"
[Licensing::Client] Error: Code 10 while verifying Licensing Client signature (process Id: 10360, path: "C:/Program Files/Unity Hub/UnityLicensingClient_V1/Unity.Licensing.Client.exe")
[Licensing::Module] Error: LicensingClient has failed validation; ignoring
[Licensing::Client] Handshaking with LicensingClient:
  Version:                 1.17.4+4293ba1
  Session Id:              021d36793736408ba08385162b5e115c
  Correlation Id:          1f5ccee98b97f9dbcb1db0c82d45ce4a
  External correlation Id: 6401473547603965920
  Machine Id:              q9BWV2uePNjiiQ4UhnYUFm3A6go=
[Licensing::Module] Successfully connected to LicensingClient on channel: "LicenseClient-user" (connect: 0.00s, validation: 0.01s, handshake: 0.18s)
[Licensing::IpcConnector] Successfully connected to the License Notification on channel: "LicenseClient-user-notifications" at "2026-06-19T16:25:33.7645867Z"
[Licensing::Module] Error: Access token is unavailable; failed to update
[Licensing::Client] Successfully updated license
Built from '2022.3/staging' branch; Version is '2022.3.36f1 (95a4219250e5) revision 9806881'; Using compiler version '192829333'; Build Type 'Release'
OS: 'Windows 11  (10.0.26200) 64bit Core' Language: 'en' Physical Memory: 32133 MB
[Licensing::Client] Successfully resolved entitlements
[Licensing::Module] Serial number assigned to: "14568684709315-UnityPersXXXX"
BatchMode: 1, IsHumanControllingUs: 0, StartBugReporterOnCrash: 0, Is64bit: 1, IsPro: 0

COMMAND LINE ARGUMENTS:
C:\Program Files\Unity\Hub\Editor\2022.3.36f1\Editor\Unity.exe
-batchmode
-nographics
-quit
-projectPath
C:\Users\user\Documents\GitHub\Kopkari_URP
-logFile
C:\Users\user\Documents\GitHub\Kopkari_URP\unity_intro_check.log
Successfully changed project path to: C:\Users\user\Documents\GitHub\Kopkari_URP
C:/Users/user/Documents/GitHub/Kopkari_URP
It looks like another Unity instance is running with this project open.

Multiple Unity instances cannot open the same project.

Project: C:/Users/user/Documents/GitHub/Kopkari_URP
Fatal Error! It looks like another Unity instance is running with this project open.

Multiple Unity instances cannot open the same project.

Project: C:/Users/user/Documents/GitHub/Kopkari_URP
Crash!!!
SymInit: Symbol-SearchPath: 'C:/Program Files/Unity/Hub/Editor/2022.3.36f1/Editor/Data/Mono;.;C:\Users\user\Documents\GitHub\Kopkari_URP;C:\Users\user\Documents\GitHub\Kopkari_URP\Library\BurstCache\JIT;C:\Program Files\Unity\Hub\Editor\2022.3.36f1\Editor;C:\WINDOWS;C:\WINDOWS\system32;', symOptions: 534, UserName: 'user'
OS-Version: 10.0.0
C:\Program Files\Unity\Hub\Editor\2022.3.36f1\Editor\Unity.exe:Unity.exe (00007FF779DF0000), size: 82395136 (result: 0), SymType: '-deferred-', PDB: '', fileVersion: 2022.3.36.42017
C:\WINDOWS\SYSTEM32\ntdll.dll:ntdll.dll (00007FF98E080000), size: 2514944 (result: 0), SymType: '-deferred-', PDB: '', fileVersion: 10.0.26100.8521
C:\WINDOWS\System32\KERNEL32.DLL:KERNEL32.DLL (00007FF98CC00000), size: 823296 (result: 0), SymType: '-deferred-', PDB: '', fileVersion: 10.0.26100.8521
C:\WINDOWS\System32\KERNELBASE.dll:KERNELBASE.dll (00007FF98B940000), size: 4169728 (result: 0), SymType: '-deferred-', PDB: '', fileVersion: 10.0.26100.8655
C:\WINDOWS\System32\CRYPT32.dll:CRYPT32.dll (00007FF98B680000), size: 1540096 (result: 0), SymType: '-deferred-', PDB: '', fileVersion: 10.0.26100.8521
C:\WINDOWS\System32\ucrtbase.dll:ucrtbase.dll (00007FF98B440000), size: 1359872 (result: 0), SymType: '-deferred-', PDB: '', fileVersion: 10.0.26100.8521
C:\WINDOWS\System32\USER32.dll:USER32.dll (00007FF98DE70000), size: 1863680 (result: 0), SymType: '-deferred-', PDB: '', fileVersion: 10.0.26100.8521
C:\Program Files\Unity\Hub\Editor\2022.3.36f1\Editor\etccompress.dll:etccompress.dll (00007FF8F3F70000), size: 5066752 (result: 0), SymType: '-deferred-', PDB: ''
C:\WINDOWS\System32\win32u.dll:win32u.dll (00007FF98B650000), size: 159744 (result: 0), SymType: '-deferred-', PDB: '', fileVersion: 10.0.26100.8655
C:\Program Files\Unity\Hub\Editor\2022.3.36f1\Editor\s3tcompress.dll:s3tcompress.dll (00007FF8F6CE0000), size: 180224 (result: 0), SymType: '-deferred-', PDB: ''
C:\WINDOWS\System32\GDI32.dll:GDI32.dll (00007FF98D800000), size: 176128 (result: 0), SymType: '-deferred-', PDB: '', fileVersion: 10.0.26100.8328
C:\WINDOWS\System32\gdi32full.dll:gdi32full.dll (00007FF98B310000), size: 1224704 (result: 0), SymType: '-deferred-', PDB: '', fileVersion: 10.0.26100.8521
C:\Program Files\Unity\Hub\Editor\2022.3.36f1\Editor\libfbxsdk.dll:libfbxsdk.dll (00007FF8F4450000), size: 10063872 (result: 0), SymType: '-deferred-', PDB: '', fileVersion: 2020.3.4.0
C:\Program Files\Unity\Hub\Editor\2022.3.36f1\Editor\ispc_texcomp.dll:ispc_texcomp.dll (00007FF8F3DB0000), size: 1826816 (result: 0), SymType: '-deferred-', PDB: ''
C:\WINDOWS\System32\msvcp_win.dll:msvcp_win.dll (00007FF98BD40000), size: 667648 (result: 0), SymType: '-deferred-', PDB: '', fileVersion: 10.0.26100.8521
C:\WINDOWS\System32\ADVAPI32.dll:ADVAPI32.dll (00007FF98D680000), size: 745472 (result: 0), SymType: '-deferred-', PDB: '', fileVersion: 10.0.26100.8521
C:\Program Files\Unity\Hub\Editor\2022.3.36f1\Editor\compress_bc7e.dll:compress_bc7e.dll (00007FF8F3C50000), size: 1433600 (result: 0), SymType: '-deferred-', PDB: ''
C:\Program Files\Unity\Hub\Editor\2022.3.36f1\Editor\FreeImage.dll:FreeImage.dll (0000000180000000), size: 6582272 (result: 0), SymType: '-deferred-', PDB: '', fileVersion: 3.18.0.0
C:\WINDOWS\System32\msvcrt.dll:msvcrt.dll (00007FF98C420000), size: 692224 (result: 0), SymType: '-deferred-', PDB: '', fileVersion: 7.0.26100.8246
C:\WINDOWS\System32\sechost.dll:sechost.dll (00007FF98D840000), size: 696320 (result: 0), SymType: '-deferred-', PDB: '', fileVersion: 10.0.26100.8521
C:\Program Files\Unity\Hub\Editor\2022.3.36f1\Editor\WinPixEventRuntime.dll:WinPixEventRuntime.dll (00007FF960020000), size: 45056 (result: 0), SymType: '-deferred-', PDB: '', fileVersion: 1.0.1812.6001
C:\WINDOWS\System32\RPCRT4.dll:RPCRT4.dll (00007FF98DD50000), size: 1146880 (result: 0), SymType: '-deferred-', PDB: '', fileVersion: 10.0.26100.8521
C:\WINDOWS\System32\SHELL32.dll:SHELL32.dll (00007FF98CD00000), size: 7880704 (result: 0), SymType: '-deferred-', PDB: '', fileVersion: 10.0.26100.8655
C:\WINDOWS\System32\SHLWAPI.dll:SHLWAPI.dll (00007FF98C3B0000), size: 421888 (result: 0), SymType: '-deferred-', PDB: '', fileVersion: 10.0.26100.8521
C:\WINDOWS\System32\ole32.dll:ole32.dll (00007FF98D8F0000), size: 1671168 (result: 0), SymType: '-deferred-', PDB: '', fileVersion: 10.0.26100.8521
C:\WINDOWS\System32\combase.dll:combase.dll (00007FF98C4E0000), size: 3682304 (result: 0), SymType: '-deferred-', PDB: '', fileVersion: 10.0.26100.8521
C:\WINDOWS\System32\WS2_32.dll:WS2_32.dll (00007FF98C320000), size: 524288 (result: 0), SymType: '-deferred-', PDB: '', fileVersion: 10.0.26100.8521
C:\WINDOWS\System32\IMM32.dll:IMM32.dll (00007FF98DB20000), size: 204800 (result: 0), SymType: '-deferred-', PDB: '', fileVersion: 10.0.26100.8521
C:\WINDOWS\System32\SETUPAPI.dll:SETUPAPI.dll (00007FF98BE90000), size: 4747264 (result: 0), SymType: '-deferred-', PDB: '', fileVersion: 10.0.26100.8521
C:\Program Files\Unity\Hub\Editor\2022.3.36f1\Editor\umbraoptimizer64.dll:umbraoptimizer64.dll (00007FF8F3B20000), size: 1187840 (result: 0), SymType: '-deferred-', PDB: ''
C:\WINDOWS\System32\OLEAUT32.dll:OLEAUT32.dll (00007FF98D5A0000), size: 888832 (result: 0), SymType: '-deferred-', PDB: '', fileVersion: 10.0.26100.8655
C:\WINDOWS\System32\WINTRUST.dll:WINTRUST.dll (00007FF98B800000), size: 536576 (result: 0), SymType: '-deferred-', PDB: '', fileVersion: 10.0.26100.8521
C:\WINDOWS\SYSTEM32\OPENGL32.dll:OPENGL32.dll (00007FF8F3A10000), size: 1097728 (result: 0), SymType: '-deferred-', PDB: '', fileVersion: 10.0.26100.8521
C:\WINDOWS\SYSTEM32\GLU32.dll:GLU32.dll (00007FF8F6CB0000), size: 184320 (result: 0), SymType: '-deferred-', PDB: '', fileVersion: 10.0.26100.1150
C:\WINDOWS\SYSTEM32\MSVCP140.dll:MSVCP140.dll (00007FF970DD0000), size: 638976 (result: 0), SymType: '-deferred-', PDB: '', fileVersion: 14.51.36231.0
C:\WINDOWS\SYSTEM32\VCRUNTIME140.dll:VCRUNTIME140.dll (00007FF970DA0000), size: 180224 (result: 0), SymType: '-deferred-', PDB: '', fileVersion: 14.51.36231.0
C:\WINDOWS\SYSTEM32\IPHLPAPI.DLL:IPHLPAPI.DLL (00007FF989A50000), size: 208896 (result: 0), SymType: '-deferred-', PDB: '', fileVersion: 10.0.26100.8655
C:\WINDOWS\SYSTEM32\WINHTTP.dll:WINHTTP.dll (00007FF983B40000), size: 1216512 (result: 0), SymType: '-deferred-', PDB: '', fileVersion: 10.0.26100.8521
C:\WINDOWS\SYSTEM32\bcrypt.dll:bcrypt.dll (00007FF98B200000), size: 172032 (result: 0), SymType: '-deferred-', PDB: '', fileVersion: 10.0.26100.8521
C:\WINDOWS\SYSTEM32\WINMM.dll:WINMM.dll (00007FF97A350000), size: 221184 (result: 0), SymType: '-deferred-', PDB: '', fileVersion: 10.0.26100.8521
C:\WINDOWS\SYSTEM32\HID.DLL:HID.DLL (00007FF989750000), size: 61440 (result: 0), SymType: '-deferred-', PDB: '', fileVersion: 10.0.26100.1150
C:\WINDOWS\SYSTEM32\dwmapi.dll:dwmapi.dll (00007FF988800000), size: 192512 (result: 0), SymType: '-deferred-', PDB: '', fileVersion: 10.0.26100.8521
C:\Program Files\Unity\Hub\Editor\2022.3.36f1\Editor\NativeProxyHelper.dll:NativeProxyHelper.dll (00007FF8F2FB0000), size: 1789952 (result: 0), SymType: '-deferred-', PDB: ''
C:\Program Files\Unity\Hub\Editor\2022.3.36f1\Editor\SketchUpAPI.dll:SketchUpAPI.dll (00007FF8F3170000), size: 8990720 (result: 0), SymType: '-deferred-', PDB: '', fileVersion: 23.0.0.0
C:\WINDOWS\SYSTEM32\VERSION.dll:VERSION.dll (00007FF9844B0000), size: 45056 (result: 0), SymType: '-deferred-', PDB: '', fileVersion: 10.0.26100.1150
C:\WINDOWS\SYSTEM32\WSOCK32.dll:WSOCK32.dll (00007FF95FDC0000), size: 40960 (result: 0), SymType: '-deferred-', PDB: '', fileVersion: 10.0.26100.1
C:\WINDOWS\SYSTEM32\VCRUNTIME140_1.dll:VCRUNTIME140_1.dll (00007FF970D90000), size: 49152 (result: 0), SymType: '-deferred-', PDB: '', fileVersion: 14.51.36231.0
C:\WINDOWS\SYSTEM32\dxcore.dll:dxcore.dll (00007FF988630000), size: 278528 (result: 0), SymType: '-deferred-', PDB: '', fileVersion: 10.0.26100.8521
C:\Program Files\Unity\Hub\Editor\2022.3.36f1\Editor\SketchUpCommonPreferences.dll:SketchUpCommonPreferences.dll (00007FF8F2F30000), size: 499712 (result: 0), SymType: '-deferred-', PDB: '', fileVersion: 23.0.0.0
C:\WINDOWS\SYSTEM32\Secur32.dll:Secur32.dll (00007FF9882E0000), size: 53248 (result: 0), SymType: '-deferred-', PDB: '', fileVersion: 10.0.26100.7705
C:\WINDOWS\SYSTEM32\SSPICLI.DLL:SSPICLI.DLL (00007FF98A340000), size: 299008 (result: 0), SymType: '-deferred-', PDB: '', fileVersion: 10.0.26100.8521
C:\Program Files\Unity\Hub\Editor\2022.3.36f1\Editor\OpenRL.dll:OpenRL.dll (000001E050540000), size: 12779520 (result: 0), SymType: '-deferred-', PDB: '', fileVersion: 1.5.0.2907
C:\WINDOWS\SYSTEM32\MSVCP100.dll:MSVCP100.dll (0000000076000000), size: 622592 (result: 0), SymType: '-deferred-', PDB: '', fileVersion: 10.0.30319.1
C:\WINDOWS\SYSTEM32\MSVCR100.dll:MSVCR100.dll (00000000760A0000), size: 856064 (result: 0), SymType: '-deferred-', PDB: '', fileVersion: 10.0.30319.1
C:\Program Files\Unity\Hub\Editor\2022.3.36f1\Editor\embree.dll:embree.dll (00007FF8F1F40000), size: 16711680 (result: 0), SymType: '-deferred-', PDB: '', fileVersion: 2.14.0.0
C:\WINDOWS\SYSTEM32\cfgmgr32.DLL:cfgmgr32.DLL (00007FF98AEF0000), size: 331776 (result: 0), SymType: '-deferred-', PDB: '', fileVersion: 10.0.26100.8115
C:\WINDOWS\SYSTEM32\MSWSOCK.DLL:MSWSOCK.DLL (00007FF98A610000), size: 442368 (result: 0), SymType: '-deferred-', PDB: '', fileVersion: 10.0.26100.8521
C:\Program Files\Unity\Hub\Editor\2022.3.36f1\Editor\tbb.dll:tbb.dll (00007FF8F1ED0000), size: 413696 (result: 0), SymType: '-deferred-', PDB: '', fileVersion: 2017.0.2016.1004
C:\WINDOWS\SYSTEM32\MSVCP120.dll:MSVCP120.dll (00007FF8F1E20000), size: 679936 (result: 0), SymType: '-deferred-', PDB: '', fileVersion: 12.0.40649.5
C:\WINDOWS\SYSTEM32\MSVCR120.dll:MSVCR120.dll (00007FF8F1D30000), size: 978944 (result: 0), SymType: '-deferred-', PDB: '', fileVersion: 12.0.40649.5
C:\Program Files\Unity\Hub\Editor\2022.3.36f1\Editor\OpenRL_pthread.dll:OpenRL_pthread.dll (000001E051190000), size: 61440 (result: 0), SymType: '-deferred-', PDB: '', fileVersion: 2.9.0.0
C:\WINDOWS\SYSTEM32\MSASN1.dll:MSASN1.dll (00007FF98AA20000), size: 77824 (result: 0), SymType: '-deferred-', PDB: '', fileVersion: 10.0.26100.8246
C:\WINDOWS\System32\bcryptprimitives.dll:bcryptprimitives.dll (00007FF98B890000), size: 688128 (result: 0), SymType: '-deferred-', PDB: '', fileVersion: 10.0.26100.8328
C:\WINDOWS\SYSTEM32\kernel.appcore.dll:kernel.appcore.dll (00007FF98A0A0000), size: 110592 (result: 0), SymType: '-deferred-', PDB: '', fileVersion: 10.0.26100.8521
C:\WINDOWS\system32\uxtheme.dll:uxtheme.dll (00007FF988500000), size: 696320 (result: 0), SymType: '-deferred-', PDB: '', fileVersion: 10.0.26100.8521
C:\WINDOWS\SYSTEM32\windows.storage.dll:windows.storage.dll (00007FF988EC0000), size: 8912896 (result: 0), SymType: '-deferred-', PDB: '', fileVersion: 10.0.26100.8655
C:\WINDOWS\System32\SHCORE.dll:SHCORE.dll (00007FF98D490000), size: 1007616 (result: 0), SymType: '-deferred-', PDB: '', fileVersion: 10.0.26100.8655
C:\WINDOWS\SYSTEM32\profapi.dll:profapi.dll (00007FF98B230000), size: 167936 (result: 0), SymType: '-deferred-', PDB: '', fileVersion: 10.0.26100.8521
C:\WINDOWS\SYSTEM32\CRYPTSP.dll:CRYPTSP.dll (00007FF98A900000), size: 110592 (result: 0), SymType: '-deferred-', PDB: '', fileVersion: 10.0.26100.8521
C:\WINDOWS\system32\rsaenh.dll:rsaenh.dll (00007FF98A000000), size: 233472 (result: 0), SymType: '-deferred-', PDB: '', fileVersion: 10.0.26100.7705
C:\WINDOWS\SYSTEM32\CRYPTBASE.dll:CRYPTBASE.dll (00007FF98A8F0000), size: 49152 (result: 0), SymType: '-deferred-', PDB: '', fileVersion: 10.0.26100.8246
C:\WINDOWS\System32\imagehlp.dll:imagehlp.dll (00007FF98CCD0000), size: 131072 (result: 0), SymType: '-deferred-', PDB: '', fileVersion: 10.0.26100.4202
C:\WINDOWS\SYSTEM32\gpapi.dll:gpapi.dll (00007FF98A680000), size: 192512 (result: 0), SymType: '-deferred-', PDB: '', fileVersion: 10.0.26100.8521
C:\Windows\System32\cryptnet.dll:cryptnet.dll (00007FF983A10000), size: 241664 (result: 0), SymType: '-deferred-', PDB: '', fileVersion: 10.0.26100.8521
C:\WINDOWS\SYSTEM32\WINNSI.DLL:WINNSI.DLL (00007FF9884E0000), size: 57344 (result: 0), SymType: '-deferred-', PDB: '', fileVersion: 10.0.26100.8246
C:\WINDOWS\System32\NSI.dll:NSI.dll (00007FF98D830000), size: 40960 (result: 0), SymType: '-deferred-', PDB: '', fileVersion: 10.0.26100.8246
C:\WINDOWS\SYSTEM32\dhcpcsvc6.DLL:dhcpcsvc6.DLL (00007FF983B20000), size: 118784 (result: 0), SymType: '-deferred-', PDB: '', fileVersion: 10.0.26100.8655
C:\WINDOWS\SYSTEM32\dhcpcsvc.DLL:dhcpcsvc.DLL (00007FF983AF0000), size: 151552 (result: 0), SymType: '-deferred-', PDB: '', fileVersion: 10.0.26100.8655
C:\WINDOWS\SYSTEM32\webio.dll:webio.dll (00007FF96DEB0000), size: 839680 (result: 0), SymType: '-deferred-', PDB: '', fileVersion: 10.0.26100.8521
C:\WINDOWS\SYSTEM32\DNSAPI.dll:DNSAPI.dll (00007FF989AE0000), size: 1351680 (result: 0), SymType: '-deferred-', PDB: '', fileVersion: 10.0.26100.8655
C:\WINDOWS\SYSTEM32\DSPARSE.dll:DSPARSE.dll (00007FF98A430000), size: 53248 (result: 0), SymType: '-deferred-', PDB: '', fileVersion: 10.0.26100.1
C:\Windows\System32\rasadhlp.dll:rasadhlp.dll (00007FF97CE60000), size: 45056 (result: 0), SymType: '-deferred-', PDB: '', fileVersion: 10.0.26100.7920
C:\WINDOWS\System32\fwpuclnt.dll:fwpuclnt.dll (00007FF983530000), size: 548864 (result: 0), SymType: '-deferred-', PDB: '', fileVersion: 10.0.26100.8521
C:\WINDOWS\system32\IconCodecService.dll:IconCodecService.dll (00007FF96CF60000), size: 45056 (result: 0), SymType: '-deferred-', PDB: '', fileVersion: 10.0.26100.1
C:\WINDOWS\SYSTEM32\WindowsCodecs.dll:WindowsCodecs.dll (00007FF986690000), size: 2277376 (result: 0), SymType: '-deferred-', PDB: '', fileVersion: 10.0.26100.8655
C:\WINDOWS\System32\clbcatq.dll:clbcatq.dll (00007FF98D740000), size: 712704 (result: 0), SymType: '-deferred-', PDB: '', fileVersion: 2001.12.10941.16384
C:\WINDOWS\System32\netprofm.dll:netprofm.dll (00007FF984F90000), size: 450560 (result: 0), SymType: '-deferred-', PDB: '', fileVersion: 10.0.26100.8521
C:\WINDOWS\System32\npmproxy.dll:npmproxy.dll (00007FF9836C0000), size: 102400 (result: 0), SymType: '-deferred-', PDB: '', fileVersion: 10.0.26100.8328
C:\WINDOWS\SYSTEM32\dbghelp.dll:dbghelp.dll (00007FF971EE0000), size: 2367488 (result: 0), SymType: '-deferred-', PDB: '', fileVersion: 10.0.26100.8328

========== OUTPUTTING STACK TRACE ==================

0x00007FF98BA01B6A (KERNELBASE) RaiseException
0x00007FF77B9C2400 (Unity) EditorMonoConsole::LogToConsoleImplementation
0x00007FF77B9C2E7D (Unity) EditorMonoConsole::LogToConsoleImplementation
0x00007FF77C68512F (Unity) DebugStringToFilePostprocessedStacktrace
0x00007FF77C68488A (Unity) DebugStringToFile
0x00007FF77BB3DC47 (Unity) HandleProjectAlreadyOpenInAnotherInstance
0x00007FF77BB408AF (Unity) Application::InitializeProject
0x00007FF77BFD51B5 (Unity) WinMain
0x00007FF77D395CFE (Unity) __scrt_common_main_seh
0x00007FF98CC2E957 (KERNEL32) BaseThreadInitThunk
0x00007FF98E107C1C (ntdll) RtlUserThreadStart

========== END OF STACKTRACE ===========

A crash has been intercepted by the crash handler. For call stack and other details, see the latest crash report generated in:
 * C:/Users/user/AppData/Local/Temp/Unity/Editor/Crashes
